// Jest Snapshot v1, https://goo.gl/fbAQLP

exports[`Country Component test Renders Deatils 1`] = `<div />`;
